// Jest Snapshot v1, https://jestjs.io/docs/snapshot-testing

exports[`VamcSystemPoliciesPage formatData outputs formatted data 1`] = `
{
  "breadcrumbs": [
    {
      "options": [],
      "title": "Home",
      "uri": "https://content-build-medc0xjkxm4jmpzxl3tfbcs7qcddsivh.ci.cms.va.gov/",
    },
    {
      "options": [],
      "title": "VA Augusta health care",
      "uri": "https://content-build-medc0xjkxm4jmpzxl3tfbcs7qcddsivh.ci.cms.va.gov/augusta-health-care",
    },
    {
      "options": [],
      "title": "ABOUT VA AUGUSTA",
      "uri": "internal:#",
    },
    {
      "options": [],
      "title": "Policies",
      "uri": "internal:#",
    },
  ],
  "entityId": 23212,
  "entityPath": "/augusta-health-care/policies",
  "id": "f96d7422-3742-40bc-aa88-c90f509bf511",
  "lastUpdated": "2022-09-29T20:06:10+00:00",
  "metatags": [
    {
      "attributes": {
        "content": "Policies | VA Augusta health care | Veterans Affairs",
        "name": "title",
      },
      "tag": "meta",
    },
    {
      "attributes": {
        "href": "https://www.va.gov/img/design/logo/va-og-image.png",
        "rel": "image_src",
      },
      "tag": "link",
    },
    {
      "attributes": {
        "content": "Veterans Affairs",
        "property": "og:site_name",
      },
      "tag": "meta",
    },
    {
      "attributes": {
        "content": "Policies | VA Augusta health care | Veterans Affairs",
        "property": "og:title",
      },
      "tag": "meta",
    },
    {
      "attributes": {
        "content": "https://www.va.gov/img/design/logo/va-og-image.png",
        "property": "og:image",
      },
      "tag": "meta",
    },
    {
      "attributes": {
        "content": "U.S. Department of Veterans Affairs",
        "property": "og:image:alt",
      },
      "tag": "meta",
    },
    {
      "attributes": {
        "content": "summary_large_image",
        "name": "twitter:card",
      },
      "tag": "meta",
    },
    {
      "attributes": {
        "content": "Policies | VA Augusta health care | Veterans Affairs",
        "name": "twitter:title",
      },
      "tag": "meta",
    },
    {
      "attributes": {
        "content": "@DeptVetAffairs",
        "name": "twitter:site",
      },
      "tag": "meta",
    },
    {
      "attributes": {
        "content": "U.S. Department of Veterans Affairs",
        "name": "twitter:image:alt",
      },
      "tag": "meta",
    },
    {
      "attributes": {
        "content": "https://www.va.gov/img/design/logo/va-og-image.png",
        "name": "twitter:image",
      },
      "tag": "meta",
    },
  ],
  "moderationState": "published",
  "published": true,
  "title": "Policies",
  "type": "node--vamc_system_policies_page",
}
`;
