// Jest Snapshot v1, https://jestjs.io/docs/snapshot-testing

exports[`StaffProfileParagraph formatData integration outputs formatted data 1`] = `
{
  "body": "<p>Robert W. Askey, MBA, AAS CA, is the Associate Director of the Corporal Michael J. Crescenz VA Medical Center (CMCVAMC). A  retired colonel of the United States Army,  he served in a variety of transportation and logistics assignments both stateside and overseas, to include a tour on the Army General Staff. Mr. Askey began his career with the VA in 2014 when he joined the  Voluntary Service Team in support of the National Veterans Wheelchair Games, hosted that year by the Philadelphia VA Medical Center. His next  assignment with the CMCVAMC was on the Logistics Service leadership team. Mr. Askey then relocated to North Carolina to serve as the Assistant Chief of Logistics at the Durham VA Healthcare System. In 2017, he returned to the CMCVAMC as the Chief Supply Chain Officer. Mr. Askey earned his Master’s Degree in Business Administration from the Florida Institute of Technology, and his Culinary Degree from the Culinary Institute of Virginia.</p>",
  "completeBiographyCreate": true,
  "description": "Associate Director",
  "emailAddress": null,
  "entityId": 182998,
  "firstName": "Bob",
  "id": "5d77166a-ed09-400c-b858-d7798cd12f04",
  "introText": "Robert W. Askey, MBA, AAS CA, is the Associate Director of the VA Philadelphia health care system. ",
  "lastName": "Askey",
  "media": {
    "alt": "Photo of Bob Askey, Acting associate director for support services",
    "height": 136,
    "id": "ac356195-9631-43c0-a0fc-d84f4ea362eb",
    "links": {
      "1_1_square_medium_thumbnail": {
        "href": "https://dsva-vagov-staging-cms-files.s3.us-gov-west-1.amazonaws.com/styles/1_1_square_medium_thumbnail/public/2020-04/Bob_Askey.jpg",
        "meta": {
          "linkParams": {
            "rel": [
              "drupal://jsonapi/extensions/consumer_image_styles/links/relation-types/#derivative",
            ],
            "width": "240",
          },
          "rel": [
            "drupal://jsonapi/extensions/consumer_image_styles/links/relation-types/#derivative",
          ],
        },
      },
      "2_1_large": {
        "href": "https://dsva-vagov-staging-cms-files.s3.us-gov-west-1.amazonaws.com/styles/2_1_large/public/2020-04/Bob_Askey.jpg",
        "meta": {
          "linkParams": {
            "rel": [
              "drupal://jsonapi/extensions/consumer_image_styles/links/relation-types/#derivative",
            ],
            "width": "512",
          },
          "rel": [
            "drupal://jsonapi/extensions/consumer_image_styles/links/relation-types/#derivative",
          ],
        },
      },
      "2_1_medium_thumbnail": {
        "href": "https://dsva-vagov-staging-cms-files.s3.us-gov-west-1.amazonaws.com/styles/2_1_medium_thumbnail/public/2020-04/Bob_Askey.jpg",
        "meta": {
          "linkParams": {
            "rel": [
              "drupal://jsonapi/extensions/consumer_image_styles/links/relation-types/#derivative",
            ],
            "width": "240",
          },
          "rel": [
            "drupal://jsonapi/extensions/consumer_image_styles/links/relation-types/#derivative",
          ],
        },
      },
      "2_3_medium_thumbnail": {
        "href": "https://dsva-vagov-staging-cms-files.s3.us-gov-west-1.amazonaws.com/styles/2_3_medium_thumbnail/public/2020-04/Bob_Askey.jpg",
        "meta": {
          "linkParams": {
            "rel": [
              "drupal://jsonapi/extensions/consumer_image_styles/links/relation-types/#derivative",
            ],
            "width": "480",
          },
          "rel": [
            "drupal://jsonapi/extensions/consumer_image_styles/links/relation-types/#derivative",
          ],
        },
      },
      "3_2_medium_thumbnail": {
        "href": "https://dsva-vagov-staging-cms-files.s3.us-gov-west-1.amazonaws.com/styles/3_2_medium_thumbnail/public/2020-04/Bob_Askey.jpg",
        "meta": {
          "linkParams": {
            "rel": [
              "drupal://jsonapi/extensions/consumer_image_styles/links/relation-types/#derivative",
            ],
            "width": "320",
          },
          "rel": [
            "drupal://jsonapi/extensions/consumer_image_styles/links/relation-types/#derivative",
          ],
        },
      },
      "7_2_medium_thumbnail": {
        "href": "https://dsva-vagov-staging-cms-files.s3.us-gov-west-1.amazonaws.com/styles/7_2_medium_thumbnail/public/2020-04/Bob_Askey.jpg",
        "meta": {
          "linkParams": {
            "rel": [
              "drupal://jsonapi/extensions/consumer_image_styles/links/relation-types/#derivative",
            ],
            "width": "300",
          },
          "rel": [
            "drupal://jsonapi/extensions/consumer_image_styles/links/relation-types/#derivative",
          ],
        },
      },
      "full_content_width": {
        "href": "https://dsva-vagov-staging-cms-files.s3.us-gov-west-1.amazonaws.com/styles/full_content_width/public/2020-04/Bob_Askey.jpg",
        "meta": {
          "linkParams": {
            "rel": [
              "drupal://jsonapi/extensions/consumer_image_styles/links/relation-types/#derivative",
            ],
          },
          "rel": [
            "drupal://jsonapi/extensions/consumer_image_styles/links/relation-types/#derivative",
          ],
        },
      },
      "large": {
        "href": "https://dsva-vagov-staging-cms-files.s3.us-gov-west-1.amazonaws.com/styles/large/public/2020-04/Bob_Askey.jpg",
        "meta": {
          "linkParams": {
            "rel": [
              "drupal://jsonapi/extensions/consumer_image_styles/links/relation-types/#derivative",
            ],
          },
          "rel": [
            "drupal://jsonapi/extensions/consumer_image_styles/links/relation-types/#derivative",
          ],
        },
      },
      "original": {
        "href": "https://dsva-vagov-staging-cms-files.s3.us-gov-west-1.amazonaws.com/styles/original/public/2020-04/Bob_Askey.jpg",
        "meta": {
          "linkParams": {
            "rel": [
              "drupal://jsonapi/extensions/consumer_image_styles/links/relation-types/#derivative",
            ],
          },
          "rel": [
            "drupal://jsonapi/extensions/consumer_image_styles/links/relation-types/#derivative",
          ],
        },
      },
      "self": {
        "href": "http://va-gov-cms.ddev.site/jsonapi/file/file/ac356195-9631-43c0-a0fc-d84f4ea362eb",
      },
      "viewport_width": {
        "href": "https://dsva-vagov-staging-cms-files.s3.us-gov-west-1.amazonaws.com/styles/viewport_width/public/2020-04/Bob_Askey.jpg",
        "meta": {
          "linkParams": {
            "rel": [
              "drupal://jsonapi/extensions/consumer_image_styles/links/relation-types/#derivative",
            ],
          },
          "rel": [
            "drupal://jsonapi/extensions/consumer_image_styles/links/relation-types/#derivative",
          ],
        },
      },
    },
    "title": "",
    "type": "media--image",
    "width": 110,
  },
  "phoneNumber": null,
  "photoAllowHiresDownload": false,
  "suffix": "MBA, AAS CA",
  "type": "paragraph--staff_profile",
  "vamcTitle": null,
}
`;
