// Jest Snapshot v1, https://jestjs.io/docs/snapshot-testing

exports[`VamcSystemBillingAndInsurance formatter outputs formatted data 1`] = `
{
  "aboveTopOfPageContent": {
    "html": "<h2 id="questions-about-copay-balance">Questions about copay balance</h2><p>For questions about the copay balance of your VA health care bill, call us toll free at the number below. You won't need to pay any copays for X-rays, lab tests, preventative tests, and services like health screenings or immunizations.</p>",
    "id": "109546",
    "type": "paragraph--wysiwyg",
  },
  "bottomOfPageContent": {
    "html": "<h2 id="private-and-other-health-insur">Private and other health insurance</h2><p dir="ltr">If you have another form of health coverage—like Medicare, Medicaid, TRICARE, or a private insurance plan through your spouse’s employer—please bring your insurance card with you to your health care appointment.</p><p><a href="https://www.va.gov/resources/va-health-care-and-other-insurance/" hreflang="en">Learn how VA health care works with other health insurance</a></p>",
    "id": "82295",
    "type": "paragraph--wysiwyg",
  },
  "breadcrumbs": [
    {
      "options": [],
      "title": "Home",
      "uri": "https://content-build-medc0xjkxm4jmpzxl3tfbcs7qcddsivh.ci.cms.va.gov/",
    },
    {
      "options": [],
      "title": "VA Louisville health care",
      "uri": "https://content-build-medc0xjkxm4jmpzxl3tfbcs7qcddsivh.ci.cms.va.gov/louisville-health-care",
    },
    {
      "options": [],
      "title": "Billing and insurance",
      "uri": "internal:#",
    },
  ],
  "entityId": 45617,
  "entityPath": "/louisville-health-care/billing-and-insurance",
  "id": "cc1f662c-44bf-4cf2-b331-1d96a36baa7e",
  "lastUpdated": "2024-03-25T18:06:03+00:00",
  "lovellSwitchPath": null,
  "lovellVariant": null,
  "menu": {
    "data": {
      "description": null,
      "links": [
        {
          "description": null,
          "expanded": false,
          "label": "VA Louisville health care",
          "links": [
            {
              "description": null,
              "expanded": false,
              "label": "SERVICES AND LOCATIONS",
              "links": [],
              "lovellSection": null,
              "url": {
                "path": "",
              },
            },
            {
              "description": null,
              "expanded": false,
              "label": "NEWS AND EVENTS",
              "links": [],
              "lovellSection": null,
              "url": {
                "path": "",
              },
            },
            {
              "description": null,
              "expanded": false,
              "label": "ABOUT VA RICHMOND",
              "links": [],
              "lovellSection": null,
              "url": {
                "path": "",
              },
            },
          ],
          "lovellSection": null,
          "url": {
            "path": "/louisville-health-care",
          },
        },
      ],
      "name": "VA Louisville health care",
    },
    "rootPath": "/louisville-health-care/billing-and-insurance/",
  },
  "metatags": [],
  "moderationState": "published",
  "officeHours": [
    {
      "all_day": false,
      "comment": "",
      "day": 1,
      "endhours": 1630,
      "starthours": 800,
    },
    {
      "all_day": false,
      "comment": "",
      "day": 2,
      "endhours": 1630,
      "starthours": 800,
    },
    {
      "all_day": false,
      "comment": "",
      "day": 3,
      "endhours": 1630,
      "starthours": 800,
    },
    {
      "all_day": false,
      "comment": "",
      "day": 4,
      "endhours": 1630,
      "starthours": 800,
    },
    {
      "all_day": false,
      "comment": "",
      "day": 5,
      "endhours": 1630,
      "starthours": 800,
    },
  ],
  "phoneNumber": null,
  "published": true,
  "relatedLinks": {
    "entityId": null,
    "id": "82301",
    "linkTeasers": [
      {
        "entityId": null,
        "id": "82297",
        "options": {
          "data-entity-substitution": "canonical",
          "data-entity-type": "node",
          "data-entity-uuid": "cf3a3b43-36f3-43c4-8b27-5c1f4a580b55",
          "href": "entity:node/703",
        },
        "summary": "Review copay rates for outpatient care, hospital stays, medications, and other health services.",
        "title": "VA health care copay rates",
        "type": "paragraph--link_teaser",
        "uri": "/test-translated-path",
      },
      {
        "entityId": null,
        "id": "82298",
        "options": {
          "data-entity-substitution": "canonical",
          "data-entity-type": "node",
          "data-entity-uuid": "a8a5bfeb-9940-4ed8-80ae-9c2858a7b3d1",
          "href": "entity:node/706",
        },
        "summary": "If you’re struggling to pay your copays, learn how to request a repayment plan, debt relief, or copay exemption.",
        "title": "VA financial hardship assistance",
        "type": "paragraph--link_teaser",
        "uri": "/test-translated-path",
      },
      {
        "entityId": null,
        "id": "82299",
        "options": {
          "data-entity-substitution": "canonical",
          "data-entity-type": "node",
          "data-entity-uuid": "560295f1-240b-4b34-87ee-ccba6f4bbe6c",
          "href": "entity:node/705",
        },
        "summary": "Find out how to file a dispute If you disagree with the charges or amounts on your bill.",
        "title": "Dispute your VA copay charges",
        "type": "paragraph--link_teaser",
        "uri": "/test-translated-path",
      },
      {
        "entityId": null,
        "id": "82300",
        "options": {
          "data-entity-substitution": "canonical",
          "data-entity-type": "node",
          "data-entity-uuid": "5f539c97-cfe7-4496-9dd5-a9b4d01f592d",
          "href": "entity:node/8473",
        },
        "summary": "Update your address and other information in your VA.gov profile. This will update your information across several VA benefits and services.",
        "title": "Change your address on file with VA",
        "type": "paragraph--link_teaser",
        "uri": "/test-translated-path",
      },
    ],
    "title": "More information",
    "type": "paragraph--list_of_link_teasers",
  },
  "services": [
    {
      "address": {
        "additional_name": null,
        "address_line1": "1 Medical Center Drive",
        "administrative_area": "WV",
        "country_code": "US",
        "dependent_locality": null,
        "langcode": "en",
        "locality": "Clarksburg",
        "postal_code": "26301-4155",
      },
      "id": "329cf348-dc5a-486a-8733-700703b9b35f",
      "path": "/clarksburg-health-care/locations/louis-a-johnson-veterans-administration-medical-center",
      "phoneNumber": "304-623-3461",
      "serviceLocations": [
        {
          "additionalHoursInfo": null,
          "appointmentPhoneNumbers": [],
          "apptIntroTextCustom": null,
          "apptIntroTextType": null,
          "contactInfoPhoneNumbers": [
            {
              "entityId": 108757,
              "extension": "33323590",
              "id": "db51eda3-8e6d-4db6-b37a-42df708aee0f",
              "label": "Enrollment and Eligibility Office",
              "number": "304-623-3461",
              "phoneType": "tel",
              "type": "paragraph--phone_number",
            },
          ],
          "emailContacts": [],
          "hours": "2",
          "id": "c019ab75-fb08-44c6-bcd7-c5f7fcb4e6a8",
          "officeHours": [
            {
              "all_day": false,
              "comment": "Except Federal Holidays",
              "day": 1,
              "endhours": 1630,
              "starthours": 800,
            },
            {
              "all_day": false,
              "comment": "Except Federal Holidays",
              "day": 2,
              "endhours": 1630,
              "starthours": 800,
            },
            {
              "all_day": false,
              "comment": "Except Federal Holidays",
              "day": 3,
              "endhours": 1630,
              "starthours": 800,
            },
            {
              "all_day": false,
              "comment": "Except Federal Holidays",
              "day": 4,
              "endhours": 1630,
              "starthours": 800,
            },
            {
              "all_day": false,
              "comment": "Except Federal Holidays",
              "day": 5,
              "endhours": 1630,
              "starthours": 800,
            },
          ],
          "officeVisits": null,
          "onlineSchedulingAvail": null,
          "serviceLocationAddress": {
            "behavior_settings": [],
            "breadcrumbs": [],
            "content_translation_changed": null,
            "content_translation_outdated": false,
            "content_translation_source": "und",
            "created": "2022-05-10T13:59:23+00:00",
            "default_langcode": true,
            "drupal_internal__id": 108758,
            "drupal_internal__revision_id": 643968,
            "field_address": {
              "address_line1": "",
              "address_line2": "",
              "administrative_area": "",
              "country_code": "US",
              "dependent_locality": null,
              "langcode": null,
              "locality": "",
              "postal_code": "",
              "sorting_code": null,
            },
            "field_building_name_number": "Main Building",
            "field_clinic_name": "Enrollment and Eligibility Office",
            "field_use_facility_address": true,
            "field_wing_floor_or_room_number": "1st Floor, Room 1232B",
            "id": "7410efb3-c080-4f1b-950f-a4aa5c667ec0",
            "langcode": "en",
            "links": {
              "self": {
                "href": "https://content-build-medc0xjkxm4jmpzxl3tfbcs7qcddsivh.ci.cms.va.gov/jsonapi/paragraph/service_location_address/7410efb3-c080-4f1b-950f-a4aa5c667ec0?resourceVersion=id%3A643968",
              },
            },
            "paragraph_type": {
              "id": "bd794386-a382-48d0-84fb-47290c3c1176",
              "resourceIdObjMeta": {
                "drupal_internal__target_id": "service_location_address",
              },
              "type": "paragraphs_type--paragraphs_type",
            },
            "parent_field_name": "field_service_location_address",
            "parent_id": "108759",
            "parent_type": "paragraph",
            "relationshipNames": [
              "paragraph_type",
            ],
            "resourceIdObjMeta": {
              "drupal_internal__target_id": 108758,
              "target_revision_id": 643968,
            },
            "revision_translation_affected": true,
            "status": true,
            "type": "paragraph--service_location_address",
          },
          "type": "paragraph--service_location",
          "useFacilityPhoneNumber": null,
          "useMainFacilityPhone": true,
          "virtualSupport": null,
        },
      ],
      "title": "Louis A. Johnson Veterans' Administration Medical Center",
    },
  ],
  "title": "Billing and insurance",
  "topOfPageContent": {
    "html": "<h2 id="pay-online-by-phoneor-mail">Pay online, by phone, or mail</h2><p>Find out how to make a payment—and what to do if you're having trouble making payments or you disagree with your bill.</p><p><va-link-action href="https://www.va.gov/health-care/pay-copay-bill/" hreflang="en" text="Pay online, by phone, or by mail" type="secondary" /></p><h2 id="pay-in-person">Pay in person</h2><p>To pay your copay bill in person, visit the agent cashier's office.</p><p>Please bring your payment stub, along with a check or money order made payable to "VA." Be sure to include your VA account number on the check or money order.</p>",
    "id": "82293",
    "type": "paragraph--wysiwyg",
  },
  "type": "node--vamc_system_billing_insurance",
  "vamcSystem": {
    "id": "40bc0017-13cb-4e52-859f-f815fbb5a547",
    "title": "VA Louisville health care",
  },
}
`;
