// Jest Snapshot v1, https://jestjs.io/docs/snapshot-testing

exports[`DrupalJsonApiParams configuration params function sets the correct include fields 1`] = `"include=field_administration,field_office,field_featured_content_healthser&fields[paragraph--link_teaser]=field_link,field_link_summary"`;

exports[`VamcHealthServicesListing formatter outputs formatted data 1`] = `
{
  "administration": {
    "entityId": 366,
    "name": "VA Texas Valley health care",
  },
  "breadcrumbs": [
    {
      "href": "/",
      "label": "Home",
      "options": [],
    },
    {
      "href": "/north-texas-health-care",
      "label": "VA North Texas health care",
      "options": [],
    },
    {
      "href": "",
      "label": "Health services",
      "options": [],
    },
  ],
  "entityId": 18495,
  "entityPath": "/north-texas-health-care/health-services",
  "featuredContent": [
    {
      "entityId": 63601,
      "id": "06516c6b-01ad-475d-a7d6-cd717c60c500",
      "options": [],
      "summary": "Learn about our leading clinical mental health work",
      "title": "Mental health at VA Black Hills health care",
      "type": "paragraph--link_teaser",
      "uri": "/mental-health",
    },
    {
      "entityId": 63602,
      "id": "baabc376-7875-4db5-a448-d040b46c21c1",
      "options": [],
      "summary": "VA Black Hills health care provides compassionate care for LGBTQ+ Veterans",
      "title": "Health care for LGBTQ+ Veterans",
      "type": "paragraph--link_teaser",
      "uri": "/lgbtq-care",
    },
    {
      "entityId": 103807,
      "id": "befe7796-274b-4758-bc34-0e0bb4fc56a0",
      "options": [],
      "summary": "VA Boston provides COVID-19 testing and vaccination",
      "title": "COVID-19 testing and vaccination",
      "type": "paragraph--link_teaser",
      "uri": "/covid-19",
    },
  ],
  "healthServiceGroups": [
    {
      "services": [
        {
          "alsoKnownAs": "Test Service",
          "bodyHtml": "<p>Test body content</p>",
          "commonlyTreatedCondition": "Test condition",
          "descriptionHtml": "Primary care description",
          "id": "1",
          "locations": [],
          "title": "Primary Care Service",
          "typeOfCare": "Primary care",
        },
      ],
      "typeOfCare": "Primary care",
    },
    {
      "services": [
        {
          "alsoKnownAs": "Test Service",
          "bodyHtml": "<p>Test body content</p>",
          "commonlyTreatedCondition": "Test condition",
          "descriptionHtml": "Mental health description",
          "id": "2",
          "locations": [],
          "title": "Mental Health Service",
          "typeOfCare": "Mental health care",
        },
      ],
      "typeOfCare": "Mental health care",
    },
    {
      "services": [
        {
          "alsoKnownAs": "Test Service",
          "bodyHtml": "<p>Test body content</p>",
          "commonlyTreatedCondition": "Test condition",
          "descriptionHtml": "Specialty care description",
          "id": "3",
          "locations": [],
          "title": "Specialty Service",
          "typeOfCare": "Specialty care",
        },
      ],
      "typeOfCare": "Specialty care",
    },
    {
      "services": [
        {
          "alsoKnownAs": "Test Service",
          "bodyHtml": "<p>Test body content</p>",
          "commonlyTreatedCondition": "Test condition",
          "descriptionHtml": "Social service description",
          "id": "4",
          "locations": [],
          "title": "Social Service",
          "typeOfCare": "Social programs and services",
        },
      ],
      "typeOfCare": "Social programs and services",
    },
    {
      "services": [
        {
          "alsoKnownAs": "Test Service",
          "bodyHtml": "<p>Test body content</p>",
          "commonlyTreatedCondition": "Test condition",
          "descriptionHtml": "Other service description",
          "id": "5",
          "locations": [],
          "title": "Other Service",
          "typeOfCare": "Other services",
        },
      ],
      "typeOfCare": "Other services",
    },
  ],
  "id": "86576faa-1cdd-43a7-8abf-5cab98d7c388",
  "introText": "VA North Texas Health Care System offers a wide range of health, support, and facility services for Veterans in North Texas. Click on a service below for more details like which clinic or medical center offers that service.",
  "lastUpdated": "2022-02-09T19:01:21+00:00",
  "lovellSwitchPath": null,
  "lovellVariant": null,
  "menu": {
    "data": {
      "description": "Test description",
      "links": [
        {
          "description": "Test description",
          "expanded": false,
          "label": "Test Menu Item",
          "links": [],
          "lovellSection": null,
          "url": {
            "path": "/test-facility/test-service",
          },
        },
      ],
      "name": "Test Menu Item",
    },
    "rootPath": "/north-texas-health-care/health-services/",
  },
  "metatags": [],
  "moderationState": "published",
  "path": "/north-texas-health-care/health-services",
  "published": true,
  "systemTitle": "VA New York Harbor health care",
  "title": "Health services",
  "type": "node--health_services_listing",
  "vamcEhrSystem": "vista",
}
`;
