// Jest Snapshot v1, https://goo.gl/fbAQLP

exports[`Banners return formatted data outputs formatted data for BASIC banner type 1`] = `
[
  {
    "alertType": "information",
    "body": "<p>this is a regular degular ol banner</p>",
    "dismiss": true,
    "id": 65137,
    "title": "a banner",
    "type": "banner",
  },
]
`;

exports[`Banners return formatted data outputs formatted data for PROMO banner type 1`] = `
[
  {
    "alertType": "news",
    "href": "entity:node/47702",
    "id": 65138,
    "title": "testing draft story content",
    "type": "promo_banner",
  },
]
`;
