// Jest Snapshot v1, https://jestjs.io/docs/snapshot-testing

exports[`VetCenterOutstation formatData outputs formatted data 1`] = `
{
  "address": {
    "address_line1": "21 Veterans Avenue",
    "address_line2": "",
    "administrative_area": "WV",
    "country_code": "US",
    "dependent_locality": null,
    "langcode": "en",
    "locality": "Henlawson",
    "postal_code": "25624",
    "sorting_code": null,
  },
  "administration": {
    "breadcrumbs": [
      {
        "options": [],
        "title": "Home",
        "uri": "https://va-gov-cms.ddev.site/",
      },
      {
        "options": [],
        "title": "VHA",
        "uri": "https://va-gov-cms.ddev.site/section/vha",
      },
      {
        "options": [],
        "title": "Vet Centers",
        "uri": "https://va-gov-cms.ddev.site/section/vet-centers",
      },
      {
        "options": [],
        "title": "District 1",
        "uri": "https://va-gov-cms.ddev.site/section/vha/district-1",
      },
      {
        "options": [],
        "title": "Charleston, WV Vet Center",
        "uri": "internal:#",
      },
    ],
    "changed": "2024-08-13T20:05:29+00:00",
    "content_translation_created": null,
    "content_translation_outdated": false,
    "content_translation_source": "und",
    "content_translation_uid": null,
    "default_langcode": true,
    "description": null,
    "drupal_internal__revision_id": 2468,
    "drupal_internal__tid": 817,
    "field_description": null,
    "field_product": {
      "id": "df97467b-47dc-4a33-8e75-a0639e49566f",
      "resourceIdObjMeta": {
        "drupal_internal__target_id": 289,
      },
      "type": "taxonomy_term--products",
    },
    "id": "2dcde8f9-e03f-4a8a-a040-16273196fb12",
    "langcode": "en",
    "links": {
      "self": {
        "href": "https://va-gov-cms.ddev.site/jsonapi/taxonomy_term/administration/2dcde8f9-e03f-4a8a-a040-16273196fb12?resourceVersion=id%3A2468",
      },
    },
    "metatag": [
      {
        "attributes": {
          "content": "Charleston, WV Vet Center | VA.gov CMS",
          "name": "title",
        },
        "tag": "meta",
      },
      {
        "attributes": {
          "href": "https://va-gov-cms.ddev.site/section/vha/vet-centers/charleston-wv-vet-center",
          "rel": "canonical",
        },
        "tag": "link",
      },
    ],
    "moderation_state": null,
    "name": "Charleston, WV Vet Center",
    "parent": [
      {
        "id": "0f3b388d-79ef-4897-b7f1-d6f9f6347656",
        "resourceIdObjMeta": {
          "drupal_internal__target_id": 1013,
        },
        "type": "taxonomy_term--administration",
      },
    ],
    "path": {
      "alias": "/section/vha/vet-centers/charleston-wv-vet-center",
      "langcode": "en",
      "pid": 21077,
    },
    "relationshipNames": [
      "vid",
      "revision_user",
      "parent",
      "content_translation_uid",
      "field_product",
    ],
    "resourceIdObjMeta": {
      "drupal_internal__target_id": 817,
    },
    "revision_created": "2024-08-13T20:05:29+00:00",
    "revision_translation_affected": true,
    "revision_user": {
      "id": "3ad0956c-0561-4c79-a25c-b6bf3a6fe05c",
      "resourceIdObjMeta": {
        "drupal_internal__target_id": 4942,
      },
      "type": "user--user",
    },
    "status": true,
    "type": "taxonomy_term--administration",
    "vid": {
      "id": "645055c5-e567-4683-b6db-459ce04522ce",
      "resourceIdObjMeta": {
        "drupal_internal__target_id": "administration",
      },
      "type": "taxonomy_vocabulary--taxonomy_vocabulary",
    },
    "weight": 18,
  },
  "breadcrumbs": [
    {
      "href": "/",
      "label": "Home",
      "options": [],
    },
    {
      "href": "/charleston-wv-vet-center",
      "label": "Charleston, WV Vet Center",
      "options": [],
    },
    {
      "href": "",
      "label": "Logan Outstation",
      "options": [],
    },
  ],
  "counselingHealthServices": [],
  "entityId": 52495,
  "entityPath": "/charleston-wv-vet-center/logan-outstation",
  "fieldFacilityLocatorApiId": "vc_2231OS",
  "geolocation": {
    "bottom": 37.90129732,
    "geo_type": "Point",
    "geohash": "dntxw5xrj9ctjf",
    "lat": 37.90129732,
    "latlon": "37.90129732,-81.99175847",
    "left": -81.99175847,
    "lon": -81.99175847,
    "right": -81.99175847,
    "top": 37.90129732,
    "value": "POINT (-81.99175847 37.90129732)",
  },
  "healthServices": [],
  "id": "4ffbbbc7-c241-4695-aa27-eece9428fac1",
  "image": null,
  "introText": null,
  "lastSavedByAnEditor": "2023-08-03T18:51:51+00:00",
  "lastUpdated": "2023-08-03T18:51:51+00:00",
  "metatags": [
    {
      "attributes": {
        "content": "Logan Outstation | Veterans Affairs",
        "name": "title",
      },
      "tag": "meta",
    },
    {
      "attributes": {
        "href": "https://www.va.gov/img/design/logo/va-og-image.png",
        "rel": "image_src",
      },
      "tag": "link",
    },
    {
      "attributes": {
        "content": "Veterans Affairs",
        "property": "og:site_name",
      },
      "tag": "meta",
    },
    {
      "attributes": {
        "content": "Logan Outstation | Veterans Affairs",
        "property": "og:title",
      },
      "tag": "meta",
    },
    {
      "attributes": {
        "content": "https://www.va.gov/img/design/logo/va-og-image.png",
        "property": "og:image",
      },
      "tag": "meta",
    },
    {
      "attributes": {
        "content": "U.S. Department of Veterans Affairs",
        "property": "og:image:alt",
      },
      "tag": "meta",
    },
    {
      "attributes": {
        "content": "summary_large_image",
        "name": "twitter:card",
      },
      "tag": "meta",
    },
    {
      "attributes": {
        "content": "@DeptVetAffairs",
        "name": "twitter:site",
      },
      "tag": "meta",
    },
    {
      "attributes": {
        "content": "Logan Outstation | Veterans Affairs",
        "name": "twitter:title",
      },
      "tag": "meta",
    },
    {
      "attributes": {
        "content": "https://www.va.gov/img/design/logo/va-og-image.png",
        "name": "twitter:image",
      },
      "tag": "meta",
    },
    {
      "attributes": {
        "content": "U.S. Department of Veterans Affairs",
        "name": "twitter:image:alt",
      },
      "tag": "meta",
    },
  ],
  "moderationState": "archived",
  "officeHours": [
    {
      "all_day": false,
      "comment": "Closed",
      "day": 1,
      "endhours": null,
      "starthours": null,
    },
    {
      "all_day": false,
      "comment": "Closed",
      "day": 2,
      "endhours": null,
      "starthours": null,
    },
    {
      "all_day": false,
      "comment": "Closed",
      "day": 3,
      "endhours": null,
      "starthours": null,
    },
    {
      "all_day": false,
      "comment": "Closed",
      "day": 4,
      "endhours": null,
      "starthours": null,
    },
    {
      "all_day": false,
      "comment": "Closed",
      "day": 5,
      "endhours": null,
      "starthours": null,
    },
    {
      "all_day": false,
      "comment": "Closed",
      "day": 6,
      "endhours": null,
      "starthours": null,
    },
    {
      "all_day": false,
      "comment": "Closed",
      "day": 0,
      "endhours": null,
      "starthours": null,
    },
  ],
  "officialName": "Logan Outstation",
  "operatingStatusFacility": null,
  "operatingStatusMoreInfo": null,
  "otherHealthServices": [],
  "path": "/charleston-wv-vet-center/logan-outstation",
  "phoneNumber": "304-343-3825 x4260",
  "published": false,
  "referralHealthServices": [],
  "timezone": "America/New_York",
  "title": "Logan Outstation",
  "type": "node--vet_center_outstation",
}
`;
