// Jest Snapshot v1, https://jestjs.io/docs/snapshot-testing

exports[`HomePageHeroData formatData outputs formatted data 1`] = `
{
  "ctaSummaryText": "Create an account to manage your VA benefits and care in one place — any time, from anywhere.",
  "primaryCtaButtonText": "Create account",
  "promoCta": {
    "title": "Get started with VA ",
    "url": "/resources/getting-started-with-va",
  },
  "promoHeadline": "Let us help you get started",
  "promoText": "Whether you’re a Veteran, service member, or family member, we’re here to help you get the care and benefits you deserve.",
  "relatedInfoLinks": [
    {
      "title": "Learn how an account helps you",
      "url": "/resources/creating-an-account-for-vagov",
    },
  ],
}
`;
