// Jest Snapshot v1, https://jestjs.io/docs/snapshot-testing

exports[`BenefitsDetailPage formatter outputs formatted data with correct structure 1`] = `
{
  "administration": {
    "entityId": 10,
    "name": "Health care benefits hub",
  },
  "alert": null,
  "breadcrumbs": [
    {
      "options": [],
      "title": "Home",
      "uri": "http://va-gov-cms.ddev.site/",
    },
    {
      "options": [],
      "title": "Health care",
      "uri": "http://va-gov-cms.ddev.site/health-care",
    },
    {
      "options": [],
      "title": "Get benefits",
      "uri": "internal:#",
    },
    {
      "options": [],
      "title": "About VA health benefits",
      "uri": "internal:#",
    },
  ],
  "description": "Learn about the VA health benefits in your VA medical benefits package. Get details on Veterans medical benefits, like which services we cover, who will care for you, where you'll go for care, and how VA health care works with other insurance.",
  "entityId": 29,
  "entityPath": "/health-care/about-va-health-benefits",
  "id": "588aa250-35b3-4d1d-99e6-d152bbae0775",
  "introText": "<p>If you qualify for VA health care, you’ll receive coverage for the services you need to help you get—and stay—healthy. Learn more about your health care benefits.</p>
",
  "lastUpdated": "2025-10-06T19:59:00+00:00",
  "menu": {
    "data": null,
    "rootPath": "/health-care/about-va-health-benefits/",
  },
  "menuIcon": {
    "backgroundColor": "hub-health-care",
    "name": "medical_services",
  },
  "metatags": [
    {
      "attributes": {
        "content": "About VA Health Benefits | Veterans Affairs",
        "name": "title",
      },
      "tag": "meta",
    },
    {
      "attributes": {
        "content": "If you qualify for VA health care, you’ll receive coverage for the services you need to help you get—and stay—healthy. Learn more about your health care benefits.",
        "name": "description",
      },
      "tag": "meta",
    },
    {
      "attributes": {
        "content": "va health benefits, va medical benefits, veterans medical benefits",
        "name": "keywords",
      },
      "tag": "meta",
    },
    {
      "attributes": {
        "href": "https://www.va.gov/img/design/logo/va-og-image.png",
        "rel": "image_src",
      },
      "tag": "link",
    },
    {
      "attributes": {
        "content": "Veterans Affairs",
        "property": "og:site_name",
      },
      "tag": "meta",
    },
    {
      "attributes": {
        "content": "About VA health benefits | Veterans Affairs",
        "property": "og:title",
      },
      "tag": "meta",
    },
    {
      "attributes": {
        "content": "If you qualify for VA health care, you’ll receive coverage for the services you need to help you get—and stay—healthy. Learn more about your health care benefits.",
        "property": "og:description",
      },
      "tag": "meta",
    },
    {
      "attributes": {
        "content": "https://www.va.gov/img/design/logo/va-og-image.png",
        "property": "og:image",
      },
      "tag": "meta",
    },
    {
      "attributes": {
        "content": "U.S. Department of Veterans Affairs",
        "property": "og:image:alt",
      },
      "tag": "meta",
    },
    {
      "attributes": {
        "content": "summary_large_image",
        "name": "twitter:card",
      },
      "tag": "meta",
    },
    {
      "attributes": {
        "content": "@DeptVetAffairs",
        "name": "twitter:site",
      },
      "tag": "meta",
    },
    {
      "attributes": {
        "content": "About VA health benefits | Veterans Affairs",
        "name": "twitter:title",
      },
      "tag": "meta",
    },
    {
      "attributes": {
        "content": "Learn about the VA health benefits in your VA medical benefits package. Get details on Veterans medical benefits, like which services we cover, who will care for you, where you'll go for care, and how VA health care works with other insurance.",
        "name": "twitter:description",
      },
      "tag": "meta",
    },
    {
      "attributes": {
        "content": "https://www.va.gov/img/design/logo/va-og-image.png",
        "name": "twitter:image",
      },
      "tag": "meta",
    },
    {
      "attributes": {
        "content": "U.S. Department of Veterans Affairs",
        "name": "twitter:image:alt",
      },
      "tag": "meta",
    },
  ],
  "moderationState": "published",
  "published": true,
  "relatedLinks": null,
  "showTableOfContents": true,
  "title": "About VA health benefits",
  "type": "node--page",
}
`;
