// Jest Snapshot v1, https://jestjs.io/docs/snapshot-testing

exports[`BenefitsDetailPage formatter outputs formatted data with correct structure 1`] = `
{
  "administration": {
    "entityId": 1,
    "name": "Veterans Benefits Administration",
  },
  "alert": null,
  "breadcrumbs": [
    {
      "options": [],
      "title": "Home",
      "uri": "http://va-gov-cms.ddev.site/",
    },
    {
      "options": [],
      "title": "Check Your VA Claim or Appeal Status",
      "uri": "http://va-gov-cms.ddev.site/check-your-va-claim-or-appeal-status",
    },
  ],
  "description": "Find out how to check the status of a VA claim or appeal online.",
  "entityId": 298,
  "entityPath": "/check-your-va-claim-or-appeal-status",
  "id": "27aaaef6-0c67-4639-b7d7-84cb3c124cff",
  "introText": "<p>Find out how to check the status of a VA claim or appeal online.</p>
",
  "lastUpdated": "2020-04-30T20:11:16+00:00",
  "metatags": undefined,
  "moderationState": "published",
  "published": true,
  "relatedLinks": null,
  "showTableOfContents": true,
  "title": "Check Your VA Claim or Appeal Status",
  "type": "node--page",
}
`;
