// Jest Snapshot v1, https://goo.gl/fbAQLP

exports[`Accordion formatData outputs formatted data 1`] = `
{
  "header": "What are Vet Centers?",
  "html": "<p>Vet Centers are small, non-medical, counseling centers conveniently located in your community. They're staffed by highly trained counselors and team members dedicated to seeing you through the challenges that come with managing life during and after the military.</p>
<p>Whether you come in for one-on-one counseling or to participate in a group session, at Vet Centers you can form social connections, try new things, and build a support system with people who understand you and want to help you succeed.</p>
",
  "id": "ca7c4618-6701-4f84-a636-8209c05c9eca",
}
`;
