// Jest Snapshot v1, https://goo.gl/fbAQLP

exports[`Banners return formatted data outputs formatted data 1`] = `
[
  {
    "alertType": "information",
    "body": "<p>this is a regular degular ol banner</p>",
    "dismiss": true,
    "id": 65137,
    "title": "a banner",
    "type": "banner",
  },
  {
    "alertType": "news",
    "href": "entity:node/47702",
    "id": 65138,
    "title": "testing draft story content",
    "type": "promo_banner",
  },
  {
    "alertType": "warning",
    "bannerAlertVamcs": "/butler-health-care/operating-status",
    "body": "<p>this is a full width banner alert</p>",
    "dismiss": true,
    "emailUpdatesButton": true,
    "findFacilities": false,
    "id": 65136,
    "inheritanceSubpages": false,
    "operatingStatus": true,
    "path": "/va-butler-health-care/vamc-banner-alert/2024-01-30/test-sitch-updates",
    "situationUpdates": {
      "behavior_settings": [],
      "content_translation_changed": {
        "format": "Y-m-d\\TH:i:sP",
        "value": "2024-01-30T22:34:21+00:00",
      },
      "content_translation_outdated": false,
      "content_translation_source": "und",
      "created": {
        "format": "Y-m-d\\TH:i:sP",
        "value": "2024-01-30T22:33:54+00:00",
      },
      "default_langcode": true,
      "field_datetime_range_timezone": {
        "duration": 60,
        "end_value": "2024-01-30T23:34:00+00:00",
        "format": "Y-m-d\\TH:i:sP",
        "rrule": null,
        "rrule_index": null,
        "timezone": "America/Los_Angeles",
        "value": "2024-01-30T22:34:00+00:00",
      },
      "field_send_email_to_subscribers": false,
      "field_wysiwyg": {
        "format": "rich_text",
        "processed": "<p>testing this gets data</p>",
        "value": "<p>testing this gets data</p>",
      },
      "id": 145188,
      "langcode": "en",
      "parent_field_name": "field_situation_updates",
      "parent_id": "65136",
      "parent_type": "node",
      "revision_id": 1183880,
      "revision_translation_affected": true,
      "status": true,
      "type": {
        "target_id": "situation_update",
        "target_type": "paragraphs_type",
        "target_uuid": "d9c8505a-6bc8-450d-9b62-be333a8bab34",
      },
      "uuid": "a0af0173-2d87-49a6-b75e-42a965c2696a",
    },
    "title": "test sitch updates",
    "type": "full_width_banner_alert",
  },
]
`;
