// Jest Snapshot v1, https://goo.gl/fbAQLP

exports[`node--landing_page formatData outputs formatted data 1`] = `
[
  {
    "summary": "Find out what benefits you may be eligible for during service and which time-sensitive benefits to consider when separating or retiring.",
    "title": "Service member benefits",
    "uri": "/service-member-benefits",
  },
  {
    "summary": "Apply for monthly payments for wartime Veterans and survivors with limited or no income who meet certain age and disability requirements.",
    "title": "Pension",
    "uri": "/pension",
  },
]
`;
