// Jest Snapshot v1, https://goo.gl/fbAQLP

exports[`node--news_story formatData outputs formatted data 1`] = `
Array [
  Object {
    "homePageHubLabel": "Service member benefits",
    "id": "ef71edfa-9fe8-4d31-b84c-270af94539c4",
    "teaserText": "Find out what benefits you may be eligible for during service and which time-sensitive benefits to consider when separating or retiring.",
    "title": "VA benefits for service members",
    "url": "/service-member-benefits",
  },
  Object {
    "homePageHubLabel": "Pension",
    "id": "53b7d776-cc92-4274-82e9-12ea234ea377",
    "teaserText": "Apply for monthly payments for wartime Veterans and survivors with limited or no income who meet certain age and disability requirements.",
    "title": "VA pension benefits",
    "url": "/pension",
  },
]
`;
