// Jest Snapshot v1, https://goo.gl/fbAQLP

exports[`EventListing formatData outputs formatted data 1`] = `
{
  "breadcrumbs": [
    {
      "options": [],
      "title": "Home",
      "uri": "https://va-gov-cms.ddev.site/",
    },
    {
      "options": [],
      "title": "VA Wilkes-Barre health care",
      "uri": "https://va-gov-cms.ddev.site/wilkes-barre-health-care",
    },
    {
      "options": [],
      "title": "News and events",
      "uri": "internal:#",
    },
    {
      "options": [],
      "title": "Events",
      "uri": "internal:#",
    },
  ],
  "entityId": 3036,
  "entityPath": "/wilkes-barre-health-care/events",
  "events": [
    "event #0",
  ],
  "id": "4c24a406-37dc-4709-9ba7-24f430973cfb",
  "lastUpdated": "2021-02-11T16:15:00+00:00",
  "menu": {
    "data": {
      "description": null,
      "links": [
        {
          "description": null,
          "expanded": false,
          "label": "VA Butler health care",
          "links": [
            {
              "description": null,
              "expanded": true,
              "label": "Services and Locations",
              "links": [
                {
                  "description": null,
                  "expanded": false,
                  "label": "Health services",
                  "links": [],
                  "lovellSection": null,
                  "url": {
                    "path": "/butler-health-care/health-services",
                  },
                },
                {
                  "description": null,
                  "expanded": false,
                  "label": "Locations",
                  "links": [
                    {
                      "description": null,
                      "expanded": false,
                      "label": "Butler VA Medical Center",
                      "links": [],
                      "lovellSection": null,
                      "url": {
                        "path": "/butler-health-care/locations/butler-va-medical-center",
                      },
                    },
                    {
                      "description": null,
                      "expanded": false,
                      "label": "Abie Abraham VA Clinic",
                      "links": [],
                      "lovellSection": null,
                      "url": {
                        "path": "/butler-health-care/locations/abie-abraham-va-clinic",
                      },
                    },
                    {
                      "description": null,
                      "expanded": false,
                      "label": "Armstrong County VA Clinic",
                      "links": [],
                      "lovellSection": null,
                      "url": {
                        "path": "/butler-health-care/locations/armstrong-county-va-clinic",
                      },
                    },
                    {
                      "description": null,
                      "expanded": false,
                      "label": "Clarion County VA Clinic",
                      "links": [],
                      "lovellSection": null,
                      "url": {
                        "path": "/butler-health-care/locations/clarion-county-va-clinic",
                      },
                    },
                    {
                      "description": null,
                      "expanded": false,
                      "label": "Cranberry Township VA Clinic",
                      "links": [],
                      "lovellSection": null,
                      "url": {
                        "path": "/butler-health-care/locations/cranberry-township-va-clinic",
                      },
                    },
                    {
                      "description": null,
                      "expanded": false,
                      "label": "Lawrence County VA Clinic",
                      "links": [],
                      "lovellSection": null,
                      "url": {
                        "path": "/butler-health-care/locations/lawrence-county-va-clinic",
                      },
                    },
                    {
                      "description": null,
                      "expanded": false,
                      "label": "Michael A. Marzano VA Outpatient Clinic",
                      "links": [],
                      "lovellSection": null,
                      "url": {
                        "path": "/butler-health-care/locations/michael-a-marzano-department-of-veterans-affairs-outpatient-clinic",
                      },
                    },
                  ],
                  "lovellSection": null,
                  "url": {
                    "path": "/butler-health-care/locations",
                  },
                },
              ],
              "lovellSection": null,
              "url": {
                "path": "",
              },
            },
            {
              "description": null,
              "expanded": true,
              "label": "News and Events",
              "links": [
                {
                  "description": null,
                  "expanded": false,
                  "label": "Events",
                  "links": [],
                  "lovellSection": null,
                  "url": {
                    "path": "/butler-health-care/events",
                  },
                },
                {
                  "description": null,
                  "expanded": false,
                  "label": "News releases",
                  "links": [],
                  "lovellSection": null,
                  "url": {
                    "path": "/butler-health-care/news-releases",
                  },
                },
                {
                  "description": null,
                  "expanded": false,
                  "label": "Stories",
                  "links": [],
                  "lovellSection": null,
                  "url": {
                    "path": "/butler-health-care/stories",
                  },
                },
              ],
              "lovellSection": null,
              "url": {
                "path": "",
              },
            },
            {
              "description": null,
              "expanded": true,
              "label": "About VA Butler",
              "links": [
                {
                  "description": null,
                  "expanded": false,
                  "label": "About us",
                  "links": [
                    {
                      "description": null,
                      "expanded": false,
                      "label": "Mission and vision",
                      "links": [],
                      "lovellSection": null,
                      "url": {
                        "path": "/butler-health-care/about-us/mission-and-vision",
                      },
                    },
                    {
                      "description": null,
                      "expanded": false,
                      "label": "History",
                      "links": [],
                      "lovellSection": null,
                      "url": {
                        "path": "/butler-health-care/about-us/history",
                      },
                    },
                    {
                      "description": null,
                      "expanded": false,
                      "label": "Performance",
                      "links": [],
                      "lovellSection": null,
                      "url": {
                        "path": "/butler-health-care/about-us/performance",
                      },
                    },
                    {
                      "description": null,
                      "expanded": false,
                      "label": "Leadership",
                      "links": [],
                      "lovellSection": null,
                      "url": {
                        "path": "/butler-health-care/about-us/leadership",
                      },
                    },
                  ],
                  "lovellSection": null,
                  "url": {
                    "path": "/butler-health-care/about-us",
                  },
                },
                {
                  "description": null,
                  "expanded": false,
                  "label": "Work with us",
                  "links": [
                    {
                      "description": null,
                      "expanded": false,
                      "label": "Jobs and careers",
                      "links": [
                        {
                          "description": null,
                          "expanded": false,
                          "label": "Nursing Recruitment",
                          "links": [],
                          "lovellSection": null,
                          "url": {
                            "path": "/butler-health-care/work-with-us/jobs-and-careers/butler-va-nursing-careers",
                          },
                        },
                      ],
                      "lovellSection": null,
                      "url": {
                        "path": "/butler-health-care/work-with-us/jobs-and-careers",
                      },
                    },
                    {
                      "description": null,
                      "expanded": false,
                      "label": "Volunteer or donate",
                      "links": [],
                      "lovellSection": null,
                      "url": {
                        "path": "/butler-health-care/work-with-us/volunteer-or-donate",
                      },
                    },
                    {
                      "description": null,
                      "expanded": false,
                      "label": "Internships and fellowships",
                      "links": [],
                      "lovellSection": null,
                      "url": {
                        "path": "/butler-health-care/work-with-us/internships-and-fellowships",
                      },
                    },
                  ],
                  "lovellSection": null,
                  "url": {
                    "path": "/butler-health-care/work-with-us",
                  },
                },
                {
                  "description": null,
                  "expanded": false,
                  "label": "Programs",
                  "links": [
                    {
                      "description": null,
                      "expanded": false,
                      "label": "Connected Care",
                      "links": [],
                      "lovellSection": null,
                      "url": {
                        "path": "/butler-health-care/programs/connected-care",
                      },
                    },
                    {
                      "description": null,
                      "expanded": false,
                      "label": "Medical Foster Home Program",
                      "links": [],
                      "lovellSection": null,
                      "url": {
                        "path": "/butler-health-care/programs/medical-foster-home-program",
                      },
                    },
                    {
                      "description": null,
                      "expanded": false,
                      "label": "Whole Health",
                      "links": [],
                      "lovellSection": null,
                      "url": {
                        "path": "/butler-health-care/programs/whole-health",
                      },
                    },
                  ],
                  "lovellSection": null,
                  "url": {
                    "path": "/butler-health-care/programs",
                  },
                },
                {
                  "description": null,
                  "expanded": false,
                  "label": "Contact us",
                  "links": [],
                  "lovellSection": null,
                  "url": {
                    "path": "/butler-health-care/contact-us",
                  },
                },
                {
                  "description": null,
                  "expanded": false,
                  "label": "VA police",
                  "links": [],
                  "lovellSection": null,
                  "url": {
                    "path": "/butler-health-care/va-police",
                  },
                },
                {
                  "description": null,
                  "expanded": false,
                  "label": "Policies",
                  "links": [],
                  "lovellSection": null,
                  "url": {
                    "path": "/butler-health-care/policies",
                  },
                },
              ],
              "lovellSection": null,
              "url": {
                "path": "",
              },
            },
          ],
          "lovellSection": null,
          "url": {
            "path": "/butler-health-care",
          },
        },
      ],
      "name": "VA Butler health care",
    },
    "rootPath": "/wilkes-barre-health-care/events/",
  },
  "metatags": [
    {
      "attributes": {
        "content": "Events | VA Wilkes-Barre health care | Veterans Affairs",
        "name": "title",
      },
      "tag": "meta",
    },
    {
      "attributes": {
        "content": "Learn more about events in our VA Wilkes-Barre health care community, including classes on health and wellness.",
        "name": "description",
      },
      "tag": "meta",
    },
    {
      "attributes": {
        "href": "https://www.va.gov/img/design/logo/va-og-image.png",
        "rel": "image_src",
      },
      "tag": "link",
    },
    {
      "attributes": {
        "content": "Veterans Affairs",
        "property": "og:site_name",
      },
      "tag": "meta",
    },
    {
      "attributes": {
        "content": "Events | Veterans Affairs",
        "property": "og:title",
      },
      "tag": "meta",
    },
    {
      "attributes": {
        "content": "Learn more about events in our VA Wilkes-Barre health care community, including classes on health and wellness.",
        "property": "og:description",
      },
      "tag": "meta",
    },
    {
      "attributes": {
        "content": "https://www.va.gov/img/design/logo/va-og-image.png",
        "property": "og:image",
      },
      "tag": "meta",
    },
    {
      "attributes": {
        "content": "U.S. Department of Veterans Affairs",
        "property": "og:image:alt",
      },
      "tag": "meta",
    },
    {
      "attributes": {
        "content": "summary_large_image",
        "name": "twitter:card",
      },
      "tag": "meta",
    },
    {
      "attributes": {
        "content": "Learn more about events in our VA Wilkes-Barre health care community, including classes on health and wellness.",
        "name": "twitter:description",
      },
      "tag": "meta",
    },
    {
      "attributes": {
        "content": "Events | VA Wilkes-Barre health care | Veterans Affairs",
        "name": "twitter:title",
      },
      "tag": "meta",
    },
    {
      "attributes": {
        "content": "@DeptVetAffairs",
        "name": "twitter:site",
      },
      "tag": "meta",
    },
    {
      "attributes": {
        "content": "https://www.va.gov/img/design/logo/va-og-image.png",
        "name": "twitter:image",
      },
      "tag": "meta",
    },
    {
      "attributes": {
        "content": "U.S. Department of Veterans Affairs",
        "name": "twitter:image:alt",
      },
      "tag": "meta",
    },
  ],
  "moderationState": "published",
  "published": true,
  "title": "Events",
  "type": "node--event_listing",
}
`;
