// Jest Snapshot v1, https://goo.gl/fbAQLP

exports[`promoBlock formatData outputs formatted data 1`] = `
{
  "description": "Download letters like your eligibility or award letter for certain benefits.",
  "id": 14,
  "img": {
    "alt": null,
    "src": "https://content-build-medc0xjkxm4jmpzxl3tfbcs7qcddsivh.ci.cms.va.gov/sites/default/files/styles/7_2_medium_thumbnail/public/2020-04/040120_FEATURE_MarchFCVet20.png",
  },
  "link": {
    "href": "internal:/records/download-va-letters/",
    "text": "Confirm your VA benefit status",
  },
}
`;
