// Jest Snapshot v1, https://goo.gl/fbAQLP

exports[`VbaFacility formatData outputs formatted data 1`] = `
{
  "address": {
    "additional_name": null,
    "address_line1": "7305 N. Military Trail, Bldg 10",
    "administrative_area": "FL",
    "country_code": "US",
    "dependent_locality": null,
    "langcode": "en",
    "locality": "West Palm Beach",
    "postal_code": "33410",
  },
  "breadcrumbs": [
    {
      "options": [],
      "title": "Home",
      "uri": "https://va-gov-cms.ddev.site/",
    },
    {
      "options": [],
      "title": "St. Petersburg VA Regional Benefit Office",
      "uri": "https://va-gov-cms.ddev.site/st-petersburg-va-regional-benefit-office",
    },
    {
      "options": [],
      "title": "Veteran Readiness and Employment Office At West Palm Beach VA Medical Center",
      "uri": "https://va-gov-cms.ddev.site/st-petersburg-va-regional-benefit-office/locations/veteran-readiness-and-employment-office-at-west-palm-beach-va-medical-center",
    },
  ],
  "ccBenefitsHotline": {
    "extension": null,
    "id": "9be07ebb-f363-4780-af80-412b38a3b680",
    "label": "VA benefits hotline",
    "number": "800-827-1000",
    "type": "paragraph--phone_number",
  },
  "ccVBAFacilityOverview": {
    "html": "<p>We help Veterans, service members, and their families access VA benefits and services. Benefits we can help with include disability compensation, education benefits, life insurance, pensions, and home loans.</p>
",
    "id": "eecd106d-261c-4496-b449-8ce405945f2f",
    "type": "paragraph--wysiwyg",
  },
  "entityId": 4030,
  "entityPath": "/st-petersburg-va-regional-benefit-office/locations/veteran-readiness-and-employment-office-at-west-palm-beach-va-medical-center",
  "fieldFacilityLocatorApiId": "vba_317a",
  "id": "a08da437-55a4-451c-8f90-af498f38a297",
  "image": null,
  "lastUpdated": "2023-09-19T13:13:04+00:00",
  "metatags": [
    {
      "attributes": {
        "content": "Veteran Readiness and Employment Office at West Palm Beach VA Medical Center | Veterans Affairs",
        "name": "title",
      },
      "tag": "meta",
    },
    {
      "attributes": {
        "content": "We help Veterans, service members, and their families access VA benefits and services. Benefits we can help with include disability compensation, education benefits, life insurance, pensions, and home loans. Find a benefit office near you or sign up for updates.",
        "name": "description",
      },
      "tag": "meta",
    },
    {
      "attributes": {
        "href": "https://www.va.gov/img/design/logo/va-og-image.png",
        "rel": "image_src",
      },
      "tag": "link",
    },
    {
      "attributes": {
        "content": "Veterans Affairs",
        "property": "og:site_name",
      },
      "tag": "meta",
    },
    {
      "attributes": {
        "content": "Veteran Readiness and Employment Office at West Palm Beach VA Medical Center | Veterans Affairs",
        "property": "og:title",
      },
      "tag": "meta",
    },
    {
      "attributes": {
        "content": "We help Veterans, service members, and their families access VA benefits and services. Benefits we can help with include disability compensation, education benefits, life insurance, pensions, and home loans. Find a benefit office near you or sign up for updates.",
        "property": "og:description",
      },
      "tag": "meta",
    },
    {
      "attributes": {
        "content": "https://www.va.gov/img/design/logo/va-og-image.png",
        "property": "og:image",
      },
      "tag": "meta",
    },
    {
      "attributes": {
        "content": "U.S. Department of Veterans Affairs",
        "property": "og:image:alt",
      },
      "tag": "meta",
    },
    {
      "attributes": {
        "content": "summary_large_image",
        "name": "twitter:card",
      },
      "tag": "meta",
    },
    {
      "attributes": {
        "content": "@DeptVetAffairs",
        "name": "twitter:site",
      },
      "tag": "meta",
    },
    {
      "attributes": {
        "content": "Veteran Readiness and Employment Office at West Palm Beach VA Medical Center | Veterans Affairs",
        "name": "twitter:title",
      },
      "tag": "meta",
    },
    {
      "attributes": {
        "content": "https://www.va.gov/img/design/logo/va-og-image.png",
        "name": "twitter:image",
      },
      "tag": "meta",
    },
    {
      "attributes": {
        "content": "U.S. Department of Veterans Affairs",
        "name": "twitter:image:alt",
      },
      "tag": "meta",
    },
  ],
  "moderationState": "archived",
  "officeHours": [
    {
      "all_day": false,
      "comment": "",
      "day": 1,
      "endhours": 1630,
      "starthours": 800,
    },
    {
      "all_day": false,
      "comment": "",
      "day": 2,
      "endhours": 1630,
      "starthours": 800,
    },
    {
      "all_day": false,
      "comment": "",
      "day": 3,
      "endhours": 1630,
      "starthours": 800,
    },
    {
      "all_day": false,
      "comment": "",
      "day": 4,
      "endhours": 1630,
      "starthours": 800,
    },
    {
      "all_day": false,
      "comment": "",
      "day": 5,
      "endhours": 1630,
      "starthours": 800,
    },
    {
      "all_day": false,
      "comment": "Closed",
      "day": 6,
      "endhours": null,
      "starthours": null,
    },
    {
      "all_day": false,
      "comment": "Closed",
      "day": 0,
      "endhours": null,
      "starthours": null,
    },
  ],
  "operatingStatusFacility": "normal",
  "operatingStatusMoreInfo": null,
  "phoneNumber": "800-827-1000",
  "prepareForVisit": [],
  "published": false,
  "timezone": "America/New_York",
  "title": "Veteran Readiness and Employment Office at West Palm Beach VA Medical Center",
  "type": "node--vba_facility",
}
`;
