// Jest Snapshot v1, https://goo.gl/fbAQLP

exports[`VetCenterLocationListing formatData outputs formatted data 1`] = `
{
  "breadcrumbs": [
    {
      "options": [],
      "title": "Home",
      "uri": "https://content-build-medc0xjkxm4jmpzxl3tfbcs7qcddsivh.ci.cms.va.gov/",
    },
    {
      "options": [],
      "title": "Colorado Springs Vet Center",
      "uri": "https://content-build-medc0xjkxm4jmpzxl3tfbcs7qcddsivh.ci.cms.va.gov/colorado-springs-vet-center",
    },
    {
      "options": [],
      "title": "Locations",
      "uri": "https://content-build-medc0xjkxm4jmpzxl3tfbcs7qcddsivh.ci.cms.va.gov/colorado-springs-vet-center/locations",
    },
  ],
  "entityId": 17943,
  "entityPath": "/colorado-springs-vet-center/locations",
  "fieldNearbyMobileVetCenters": [
    {
      "address": {
        "address_line1": "1515 Fortino Boulevard",
        "address_line2": "Suite 130",
        "administrative_area": "CO",
        "country_code": "US",
        "dependent_locality": null,
        "langcode": null,
        "locality": "Pueblo",
        "postal_code": "81008",
        "sorting_code": null,
      },
      "breadcrumbs": [
        {
          "options": [],
          "title": "Home",
          "uri": "https://content-build-medc0xjkxm4jmpzxl3tfbcs7qcddsivh.ci.cms.va.gov/",
        },
        {
          "options": [],
          "title": "Pueblo Vet Center",
          "uri": "https://content-build-medc0xjkxm4jmpzxl3tfbcs7qcddsivh.ci.cms.va.gov/pueblo-vet-center",
        },
        {
          "options": [],
          "title": "Pueblo Mobile Vet Center",
          "uri": "https://content-build-medc0xjkxm4jmpzxl3tfbcs7qcddsivh.ci.cms.va.gov/pueblo-vet-center/pueblo-mobile-vet-center",
        },
      ],
      "entityId": 17472,
      "entityPath": "/pueblo-vet-center/pueblo-mobile-vet-center",
      "fieldFacilityLocatorApiId": "vc_0836MVC",
      "geolocation": {
        "bottom": 38.254,
        "geo_type": "Point",
        "geohash": "9xj8kq8xq",
        "lat": 38.254,
        "latlon": "38.254,-104.609",
        "left": -104.609,
        "lon": -104.609,
        "right": -104.609,
        "top": 38.254,
        "value": "POINT(-104.609 38.254)",
      },
      "id": "48ad986e-5756-46db-b175-f45bb2d30b7a",
      "image": {
        "alt": "Springfield MA Vet Center",
        "height": 3024,
        "id": "93b4a8e3-a636-4bae-9486-1d49a51d22b7",
        "links": {
          "self": {
            "href": "https://content-build-medc0xjkxm4jmpzxl3tfbcs7qcddsivh.ci.cms.va.gov/jsonapi/file/file/93b4a8e3-a636-4bae-9486-1d49a51d22b7",
          },
        },
        "title": "",
        "type": "media--image",
        "width": 4032,
      },
      "lastSavedByAnEditor": "2023-11-01T14:46:43+00:00",
      "lastUpdated": "2023-11-01T14:46:43+00:00",
      "metatags": [],
      "moderationState": "published",
      "path": "/pueblo-vet-center/pueblo-mobile-vet-center",
      "phoneNumber": "719-583-4058",
      "published": true,
      "title": "Pueblo Mobile Vet Center",
      "type": "node--vet_center_mobile_vet_center",
    },
  ],
  "fieldOffice": {
    "address": {
      "address_line1": "3920 North Union Blvd",
      "address_line2": "Suite 310",
      "administrative_area": "CO",
      "country_code": "US",
      "dependent_locality": null,
      "langcode": "en",
      "locality": "Colorado Springs",
      "postal_code": "80907",
      "sorting_code": null,
    },
    "breadcrumbs": [
      {
        "options": [],
        "title": "Home",
        "uri": "https://content-build-medc0xjkxm4jmpzxl3tfbcs7qcddsivh.ci.cms.va.gov/",
      },
      {
        "options": [],
        "title": "Colorado Springs Vet Center",
        "uri": "https://content-build-medc0xjkxm4jmpzxl3tfbcs7qcddsivh.ci.cms.va.gov/colorado-springs-vet-center",
      },
    ],
    "entityId": 3792,
    "entityPath": "/colorado-springs-vet-center",
    "fieldFacilityLocatorApiId": "vc_0525V",
    "geolocation": null,
    "id": "9aac2fe2-c237-4e5f-8ce1-275b546629d5",
    "image": {
      "alt": "Springfield MA Vet Center",
      "height": 3024,
      "id": "93b4a8e3-a636-4bae-9486-1d49a51d22b7",
      "links": {
        "self": {
          "href": "https://content-build-medc0xjkxm4jmpzxl3tfbcs7qcddsivh.ci.cms.va.gov/jsonapi/file/file/93b4a8e3-a636-4bae-9486-1d49a51d22b7",
        },
      },
      "title": "",
      "type": "media--image",
      "width": 4032,
    },
    "lastSavedByAnEditor": null,
    "lastUpdated": "2024-12-11T19:41:41+00:00",
    "metatags": [],
    "moderationState": "published",
    "officeHours": [
      {
        "all_day": false,
        "comment": "Closed",
        "day": 0,
        "endhours": null,
        "starthours": null,
      },
      {
        "all_day": false,
        "comment": "",
        "day": 1,
        "endhours": 1830,
        "starthours": 800,
      },
      {
        "all_day": false,
        "comment": "",
        "day": 2,
        "endhours": 1830,
        "starthours": 800,
      },
      {
        "all_day": false,
        "comment": "",
        "day": 3,
        "endhours": 1630,
        "starthours": 800,
      },
      {
        "all_day": false,
        "comment": "",
        "day": 4,
        "endhours": 1630,
        "starthours": 800,
      },
      {
        "all_day": false,
        "comment": "",
        "day": 5,
        "endhours": 1630,
        "starthours": 800,
      },
      {
        "all_day": false,
        "comment": "Closed",
        "day": 6,
        "endhours": null,
        "starthours": null,
      },
    ],
    "officialName": "Colorado Springs Vet Center",
    "operatingStatusFacility": "normal",
    "operatingStatusMoreInfo": null,
    "path": "/colorado-springs-vet-center",
    "phoneNumber": "719-471-9992",
    "published": true,
    "title": "Colorado Springs Vet Center",
    "type": "node--vet_center",
  },
  "id": "93fde050-0972-447f-89ac-8f2298c97386",
  "lastUpdated": "2021-07-14T14:25:21+00:00",
  "metatags": [],
  "moderationState": "published",
  "published": true,
  "title": "Locations",
  "type": "node--vet_center_locations_list",
}
`;
