// Jest Snapshot v1, https://goo.gl/fbAQLP

exports[`paragraph--wysiwyg formatData outputs formatted data 1`] = `
[
  {
    "html": "<p>We encourage you to visit when most convenient for you and the patient. There are no set visitor hours for most departments. Exceptions are listed below:</p>

<h4>Medical, surgical, and hospice wards</h4>

<p>24 hours a day, 7 days a week</p>

<h4>Behavioral health inpatient wards</h4>

<p>1:00 p.m. – 2:00 p.m. and 6:00 p.m. -7:30 p.m., 7 days a week</p>

<h4>Critical care</h4>

<p>Visiting hours will be individualized to meet the needs of the patient, family and caregivers.</p>

<h4>Post-anesthesia recovery</h4>

<p>Generally, visitors are not permitted. In certain circumstances, the doctor or nurse may make an exception.</p>

<h4>General visitor policies</h4>

<ul><li>Children under the age of 16 must be directly supervised by an adult, and bedside visits are limited to 15 minutes. </li>
	<li>Children under the ages of 16 are not permitted in the dialysis unit due to infection control and safety reasons. </li>
	<li>Children under the age of 16 are not permitted to visit the psychiatric units without the physician's permission.</li>
	<li>While in restraints, patients may not have visitors. </li>
	<li>Seriously ill and hospice patients may have visits unless the staff physician determines that the patient's condition is such that visits should be restricted to specific times.</li>
	<li>Staff may ask visitors to leave the room when performing patient care. </li>
	<li>Visitors are not permitted to bring weapons, cameras or other prohibited articles into the medical center except when conducting official business authorized by the Director or designee.</li>
	<li>Visitors with communicable diseases are not permitted in the medical center.</li>
	<li>Visitors must observe the infection control signs and should report to the nurses' station for instructions before entering a patient room.</li>
	<li>Visitors must observe hand hygiene policy guidelines requiring hand hygiene on entry and exit from patient rooms and at other times as directed by staff.</li>
	<li>Visitors may bring candy, fruit and other food items in limited quantities if it has been clarified by the nursing staff as appropriate for the patient's diet. </li>
	<li>Fresh fruit and flowers are not permitted in the Critical Care Center.</li>
	<li>Visitors are not permitted to eat or drink in the units.</li>
	<li>Members of the religious community are encouraged to visit patients who are members of their local churches and/or synagogues. However, under no circumstances are they permitted to do general visitation by going from bed to bed, ward to ward or unit to unit.</li>
</ul><p> </p>",
    "id": "58bd66a0-7f20-41e0-984a-975ee25a1aee",
    "type": "paragraph--wysiwyg",
  },
  {
    "html": undefined,
    "id": "a0e63a12-9a23-4e7f-95a0-b3a6ce45a9e9",
    "type": "paragraph--wysiwyg",
  },
]
`;
